******************************************************************************
             TMS320C2000 Linker Unix v18.1.4                   
******************************************************************************
>> Linked Thu Dec 20 16:49:28 2018

OUTPUT FILE NAME:   <blink.out>
ENTRY POINT SYMBOL: "_c_int00"  address: 0000b1b6


MEMORY CONFIGURATION

         name            origin    length      used     unused   attr    fill
----------------------  --------  ---------  --------  --------  ----  --------
PAGE 0:
  BEGIN                 00000000   00000002  00000000  00000002  RWIX
  RAMM0                 00000122   000002de  000002de  00000000  RWIX
  RAMLS0                00008000   00000800  00000000  00000800  RWIX
  RAMLS1                00008800   00000800  00000000  00000800  RWIX
  RAMLS2                00009000   00000800  00000000  00000800  RWIX
  RAMLS3                00009800   00000800  00000000  00000800  RWIX
  RAMLS4                0000a000   00000800  00000000  00000800  RWIX
  RAMD0                 0000b000   00000800  000003b7  00000449  RWIX
  RESET                 003fffc0   00000002  00000000  00000002  RWIX

PAGE 1:
  BOOT_RSVD             00000002   00000120  00000000  00000120  RWIX
  RAMM1                 00000400   00000400  00000200  00000200  RWIX
  ADCA_RESULT           00000b00   00000020  00000000  00000020  RWIX
  ADCB_RESULT           00000b20   00000020  00000000  00000020  RWIX
  ADCC_RESULT           00000b40   00000020  00000000  00000020  RWIX
  ADCD_RESULT           00000b60   00000020  00000000  00000020  RWIX
  CPU_TIMER0            00000c00   00000008  00000000  00000008  RWIX
  CPU_TIMER1            00000c08   00000008  00000000  00000008  RWIX
  CPU_TIMER2            00000c10   00000008  00000000  00000008  RWIX
  PIE_CTRL              00000ce0   00000020  00000000  00000020  RWIX
  PIE_VECT              00000d00   00000200  00000000  00000200  RWIX
  DMA                   00001000   00000200  00000000  00000200  RWIX
  CLA1                  00001400   00000040  00000000  00000040  RWIX
  EPWM1                 00004000   00000100  00000000  00000100  RWIX
  EPWM2                 00004100   00000100  00000000  00000100  RWIX
  EPWM3                 00004200   00000100  00000000  00000100  RWIX
  EPWM4                 00004300   00000100  00000000  00000100  RWIX
  EPWM5                 00004400   00000100  00000000  00000100  RWIX
  EPWM6                 00004500   00000100  00000000  00000100  RWIX
  EPWM7                 00004600   00000100  00000000  00000100  RWIX
  EPWM8                 00004700   00000100  00000000  00000100  RWIX
  EPWM9                 00004800   00000100  00000000  00000100  RWIX
  EPWM10                00004900   00000100  00000000  00000100  RWIX
  EPWM11                00004a00   00000100  00000000  00000100  RWIX
  EPWM12                00004b00   00000100  00000000  00000100  RWIX
  ECAP1                 00005000   00000020  00000000  00000020  RWIX
  ECAP2                 00005020   00000020  00000000  00000020  RWIX
  ECAP3                 00005040   00000020  00000000  00000020  RWIX
  ECAP4                 00005060   00000020  00000000  00000020  RWIX
  ECAP5                 00005080   00000020  00000000  00000020  RWIX
  ECAP6                 000050a0   00000020  00000000  00000020  RWIX
  EQEP1                 00005100   00000040  00000000  00000040  RWIX
  EQEP2                 00005140   00000040  00000000  00000040  RWIX
  EQEP3                 00005180   00000040  00000000  00000040  RWIX
  DACA                  00005c00   00000010  00000000  00000010  RWIX
  DACB                  00005c10   00000010  00000000  00000010  RWIX
  DACC                  00005c20   00000010  00000000  00000010  RWIX
  CMPSS1                00005c80   00000020  00000000  00000020  RWIX
  CMPSS2                00005ca0   00000020  00000000  00000020  RWIX
  CMPSS3                00005cc0   00000020  00000000  00000020  RWIX
  CMPSS4                00005ce0   00000020  00000000  00000020  RWIX
  CMPSS5                00005d00   00000020  00000000  00000020  RWIX
  CMPSS6                00005d20   00000020  00000000  00000020  RWIX
  CMPSS7                00005d40   00000020  00000000  00000020  RWIX
  CMPSS8                00005d60   00000020  00000000  00000020  RWIX
  SDFM1                 00005e00   00000080  00000000  00000080  RWIX
  SDFM2                 00005e80   00000080  00000000  00000080  RWIX
  MCBSPA                00006000   00000040  00000000  00000040  RWIX
  MCBSPB                00006040   00000040  00000000  00000040  RWIX
  SPIA                  00006100   00000010  00000000  00000010  RWIX
  SPIB                  00006110   00000010  00000000  00000010  RWIX
  SPIC                  00006120   00000010  00000000  00000010  RWIX
  SPID                  00006130   00000010  00000000  00000010  RWIX
  UPP                   00006200   00000100  00000000  00000100  RWIX
  WD                    00007000   00000040  00000000  00000040  RWIX
  NMIINTRUPT            00007060   00000010  00000000  00000010  RWIX
  XINT                  00007070   00000010  00000000  00000010  RWIX
  SCIA                  00007200   00000010  00000000  00000010  RWIX
  SCIB                  00007210   00000010  00000000  00000010  RWIX
  SCIC                  00007220   00000010  00000000  00000010  RWIX
  SCID                  00007230   00000010  00000000  00000010  RWIX
  I2CA                  00007300   00000040  00000000  00000040  RWIX
  I2CB                  00007340   00000040  00000000  00000040  RWIX
  ADCA                  00007400   00000080  00000000  00000080  RWIX
  ADCB                  00007480   00000080  00000000  00000080  RWIX
  ADCC                  00007500   00000080  00000000  00000080  RWIX
  ADCD                  00007580   00000080  00000000  00000080  RWIX
  INPUT_XBAR            00007900   00000020  00000000  00000020  RWIX
  XBAR                  00007920   00000020  00000000  00000020  RWIX
  SYNC_SOC              00007940   00000010  00000000  00000010  RWIX
  DMACLASRCSEL          00007980   00000040  00000000  00000040  RWIX
  EPWM_XBAR             00007a00   00000040  00000000  00000040  RWIX
  CLB_XBAR              00007a40   00000040  00000000  00000040  RWIX
  OUTPUT_XBAR           00007a80   00000040  00000000  00000040  RWIX
  GPIOCTRL              00007c00   00000180  00000000  00000180  RWIX
  GPIODAT               00007f00   00000030  00000000  00000030  RWIX
  RAMLS5                0000a800   00000800  0000010e  000006f2  RWIX
  RAMD1                 0000b800   00000800  00000000  00000800  RWIX
  RAMGS0                0000c000   00001000  00000000  00001000  RWIX
  RAMGS1                0000d000   00001000  00000000  00001000  RWIX
  RAMGS2                0000e000   00001000  00000000  00001000  RWIX
  RAMGS3                0000f000   00001000  00000000  00001000  RWIX
  RAMGS4                00010000   00001000  00000000  00001000  RWIX
  RAMGS5                00011000   00001000  00000000  00001000  RWIX
  RAMGS6                00012000   00001000  00000000  00001000  RWIX
  RAMGS7                00013000   00001000  00000000  00001000  RWIX
  RAMGS8                00014000   00001000  00000000  00001000  RWIX
  RAMGS9                00015000   00001000  00000000  00001000  RWIX
  RAMGS10               00016000   00001000  00000000  00001000  RWIX
  RAMGS11               00017000   00001000  00000000  00001000  RWIX
  RAMGS12               00018000   00001000  00000000  00001000  RWIX
  RAMGS13               00019000   00001000  00000000  00001000  RWIX
  RAMGS14               0001a000   00001000  00000000  00001000  RWIX
  RAMGS15               0001b000   00001000  00000000  00001000  RWIX
  CPU2TOCPU1RAM         0003f800   00000400  00000000  00000400  RWIX
  CPU1TOCPU2RAM         0003fc00   00000400  00000000  00000400  RWIX
  EMIF1                 00047000   00000800  00000000  00000800  RWIX
  EMIF2                 00047800   00000800  00000000  00000800  RWIX
  CANA                  00048000   00000800  00000000  00000800  RWIX
  CANA_MSG_RAM          00049000   00000800  00000000  00000800  RWIX
  CANB                  0004a000   00000800  00000000  00000800  RWIX
  CANB_MSG_RAM          0004b000   00000800  00000000  00000800  RWIX
  IPC                   00050000   00000024  00000000  00000024  RWIX
  FLASHPUMPSEMAPHORE    00050024   00000002  00000000  00000002  RWIX
  DEV_CFG               0005d000   00000180  00000000  00000180  RWIX
  ANALOG_SUBSYS         0005d180   00000080  00000000  00000080  RWIX
  CLK_CFG               0005d200   00000100  00000000  00000100  RWIX
  CPU_SYS               0005d300   00000100  00000000  00000100  RWIX
  ROMPREFETCH           0005e608   00000002  00000000  00000002  RWIX
  DCSM_Z1               0005f000   00000030  00000000  00000030  RWIX
  DCSM_Z2               0005f040   00000030  00000000  00000030  RWIX
  DCSM_COMMON           0005f070   00000010  00000000  00000010  RWIX
  MEMCFG                0005f400   00000080  00000000  00000080  RWIX
  EMIF1CONFIG           0005f480   00000020  00000000  00000020  RWIX
  EMIF2CONFIG           0005f4a0   00000020  00000000  00000020  RWIX
  ACCESSPROTECTION      0005f4c0   00000040  00000000  00000040  RWIX
  MEMORYERROR           0005f500   00000040  00000000  00000040  RWIX
  ROMWAITSTATE          0005f540   00000002  00000000  00000002  RWIX
  FLASH0_CTRL           0005f800   00000300  00000000  00000300  RWIX
  FLASH0_ECC            0005fb00   00000040  00000000  00000040  RWIX


SECTION ALLOCATION MAP

 output                                  attributes/
section   page    origin      length       input sections
--------  ----  ----------  ----------   ----------------
.cinit     0    00000122    0000001a     
                  00000122    0000000e     rts2800_fpu32.lib : exit.c.obj (.cinit)
                  00000130    00000005                       : _lock.c.obj (.cinit:__lock)
                  00000135    00000005                       : _lock.c.obj (.cinit:__unlock)
                  0000013a    00000002     --HOLE-- [fill = 0]

.pinit     0    00000122    00000000     UNINITIALIZED

.reset     0    003fffc0    00000002     DSECT
                  003fffc0    00000002     rts2800_fpu32.lib : boot28.asm.obj (.reset)

.stack     1    00000400    00000200     UNINITIALIZED
                  00000400    00000200     --HOLE--

.econst    1    0000a800    00000104     
                  0000a800    000000ac     driverlib.lib : gpio.obj (.econst:.string)
                  0000a8ac    00000058                   : sysctl.obj (.econst:.string)

.ebss      1    0000a904    0000000a     UNINITIALIZED
                  0000a904    00000006     rts2800_fpu32.lib : exit.c.obj (.ebss)
                  0000a90a    00000002                       : _lock.c.obj (.ebss:__lock)
                  0000a90c    00000002                       : _lock.c.obj (.ebss:__unlock)

.TI.ramfunc 
*          0    0000013c    00000004     
                  0000013c    00000004     driverlib.lib : sysctl.obj (.TI.ramfunc)

GETBUFFER 
*          0    0003f800    00000000     DSECT

GETWRITEIDX 
*          0    0003f800    00000000     DSECT

PUTREADIDX 
*          0    0003f800    00000000     DSECT

Cla1SoftIntRegsFile 
*          1    00000ce0    00000000     DSECT

.text.1    0    00000140    000002c0     
                  00000140    00000221     driverlib.lib : sysctl.obj (.text:_SysCtl_setClock)
                  00000361    00000088     rts2800_fpu32.lib : fs_div28.asm.obj (.text)
                  000003e9    0000000e     driverlib.lib : gpio.obj (.text:_GPIO_isPinValid)
                  000003f7    00000009                   : sysctl.obj (.text:_SysCtl_serviceWatchdog)

.text.2    0    0000b000    000003b7     
                  0000b000    000001b6     device.obj (.text)
                  0000b1b6    00000056     rts2800_fpu32.lib : boot28.asm.obj (.text)
                  0000b20c    00000052     driverlib.lib : gpio.obj (.text:_GPIO_setPadConfig)
                  0000b25e    0000004d                   : sysctl.obj (.text:_SysCtl_selectOscSource)
                  0000b2ab    00000041     main.obj (.text)
                  0000b2ec    00000031     driverlib.lib : gpio.obj (.text:_GPIO_setDirectionMode)
                  0000b31d    00000029     rts2800_fpu32.lib : exit.c.obj (.text)
                  0000b346    00000024                       : cpy_tbl.c.obj (.text)
                  0000b36a    0000001d                       : memcpy.c.obj (.text)
                  0000b387    00000019                       : args_main.c.obj (.text)
                  0000b3a0    0000000b     driverlib.lib : sysctl.obj (.text:_SysCtl_isMCDClockFailureDetected)
                  0000b3ab    00000009     rts2800_fpu32.lib : _lock.c.obj (.text)
                  0000b3b4    00000002                       : pre_init.c.obj (.text)
                  0000b3b6    00000001                       : startup.c.obj (.text)

MODULE SUMMARY

       Module             code   initialized data   uninitialized data
       ------             ----   ----------------   ------------------
    ./
       device.obj         438    0                  0                 
       main.obj           65     0                  0                 
    +--+------------------+------+------------------+--------------------+
       Total:             503    0                  0                 
                                                                      
    ../driverlib.lib
       sysctl.obj         646    88                 0                 
       gpio.obj           145    172                0                 
    +--+------------------+------+------------------+--------------------+
       Total:             791    260                0                 
                                                                      
    /Applications/ti/ccsv8/tools/compiler/ti-cgt-c2000_18.1.4.LTS/lib/rts2800_fpu32.lib
       fs_div28.asm.obj   136    0                  0                 
       boot28.asm.obj     86     0                  0                 
       exit.c.obj         41     14                 6                 
       cpy_tbl.c.obj      36     0                  0                 
       memcpy.c.obj       29     0                  0                 
       args_main.c.obj    25     0                  0                 
       _lock.c.obj        9      10                 4                 
       pre_init.c.obj     2      0                  0                 
       startup.c.obj      1      0                  0                 
    +--+------------------+------+------------------+--------------------+
       Total:             365    24                 10                
                                                                      
       Stack:             0      0                  512               
    +--+------------------+------+------------------+--------------------+
       Grand Total:       1659   284                522               


GLOBAL DATA SYMBOLS: SORTED BY DATA PAGE

address     data page           name
--------    ----------------    ----
00000400      10 (00000400)     __stack

0000a904     2a4 (0000a900)     ___TI_enable_exit_profile_output
0000a906     2a4 (0000a900)     ___TI_cleanup_ptr
0000a908     2a4 (0000a900)     ___TI_dtors_ptr
0000a90a     2a4 (0000a900)     __lock
0000a90c     2a4 (0000a900)     __unlock


GLOBAL SYMBOLS: SORTED ALPHABETICALLY BY Name 

page  address   name                                      
----  -------   ----                                      
abs   ffffffff  .text                                     
0     0000b31d  C$$EXIT                                   
0     00000361  FS$$DIV                                   
0     0000b04f  _Device_enableAllPeripherals              
0     0000b199  _Device_enableUnbondedGPIOPullups         
0     0000b176  _Device_enableUnbondedGPIOPullupsFor100Pin
0     0000b15f  _Device_enableUnbondedGPIOPullupsFor176Pin
0     0000b042  _Device_init                              
0     0000b13e  _Device_initGPIO                          
0     0000b2ec  _GPIO_setDirectionMode                    
0     0000b20c  _GPIO_setPadConfig                        
0     0000013c  _SysCtl_delay                             
0     0000b25e  _SysCtl_selectOscSource                   
0     00000140  _SysCtl_setClock                          
1     00000600  __STACK_END                               
abs   00000200  __STACK_SIZE                              
1     0000a906  ___TI_cleanup_ptr                         
1     0000a908  ___TI_dtors_ptr                           
1     0000a904  ___TI_enable_exit_profile_output          
abs   ffffffff  ___TI_pprof_out_hndl                      
abs   ffffffff  ___TI_prof_data_size                      
abs   ffffffff  ___TI_prof_data_start                     
abs   ffffffff  ___binit__                                
abs   ffffffff  ___c_args__                               
0     00000122  ___cinit__                                
0     0000b1af  ___error__                                
abs   ffffffff  ___etext__                                
abs   ffffffff  ___pinit__                                
abs   ffffffff  ___text__                                 
0     0000b387  __args_main                               
1     0000a90a  __lock                                    
0     0000b3b3  __nop                                     
0     0000b3af  __register_lock                           
0     0000b3ab  __register_unlock                         
1     00000400  __stack                                   
0     0000b3b6  __system_post_cinit                       
0     0000b3b4  __system_pre_init                         
1     0000a90c  __unlock                                  
0     0000b31d  _abort                                    
0     0000b1b6  _c_int00                                  
0     0000b346  _copy_in                                  
0     0000b31f  _exit                                     
0     0000b2c7  _main                                     
0     0000b36a  _memcpy                                   
abs   ffffffff  binit                                     
0     00000122  cinit                                     
abs   ffffffff  etext                                     
abs   ffffffff  pinit                                     


GLOBAL SYMBOLS: SORTED BY Symbol Address 

page  address   name                                      
----  -------   ----                                      
0     00000122  ___cinit__                                
0     00000122  cinit                                     
0     0000013c  _SysCtl_delay                             
0     00000140  _SysCtl_setClock                          
0     00000361  FS$$DIV                                   
0     0000b042  _Device_init                              
0     0000b04f  _Device_enableAllPeripherals              
0     0000b13e  _Device_initGPIO                          
0     0000b15f  _Device_enableUnbondedGPIOPullupsFor176Pin
0     0000b176  _Device_enableUnbondedGPIOPullupsFor100Pin
0     0000b199  _Device_enableUnbondedGPIOPullups         
0     0000b1af  ___error__                                
0     0000b1b6  _c_int00                                  
0     0000b20c  _GPIO_setPadConfig                        
0     0000b25e  _SysCtl_selectOscSource                   
0     0000b2c7  _main                                     
0     0000b2ec  _GPIO_setDirectionMode                    
0     0000b31d  C$$EXIT                                   
0     0000b31d  _abort                                    
0     0000b31f  _exit                                     
0     0000b346  _copy_in                                  
0     0000b36a  _memcpy                                   
0     0000b387  __args_main                               
0     0000b3ab  __register_unlock                         
0     0000b3af  __register_lock                           
0     0000b3b3  __nop                                     
0     0000b3b4  __system_pre_init                         
0     0000b3b6  __system_post_cinit                       
1     00000400  __stack                                   
1     00000600  __STACK_END                               
1     0000a904  ___TI_enable_exit_profile_output          
1     0000a906  ___TI_cleanup_ptr                         
1     0000a908  ___TI_dtors_ptr                           
1     0000a90a  __lock                                    
1     0000a90c  __unlock                                  
abs   00000200  __STACK_SIZE                              
abs   ffffffff  .text                                     
abs   ffffffff  ___TI_pprof_out_hndl                      
abs   ffffffff  ___TI_prof_data_size                      
abs   ffffffff  ___TI_prof_data_start                     
abs   ffffffff  ___binit__                                
abs   ffffffff  ___c_args__                               
abs   ffffffff  ___etext__                                
abs   ffffffff  ___pinit__                                
abs   ffffffff  ___text__                                 
abs   ffffffff  binit                                     
abs   ffffffff  etext                                     
abs   ffffffff  pinit                                     

[48 symbols]
